<?xml version="1.0" encoding="utf-8" ?>
<result>
	<row>
		<nb_total_visitors>5</nb_total_visitors>
		<nb_shared_visitors>2</nb_shared_visitors>
	</row>
</result>