<?xml version="1.0" encoding="utf-8" ?>
<result>
	<row>
		<label>liked</label>
		<nb_actions>20</nb_actions>
		<slots>
			<row>
				<scope>page</scope>
				<index>4</index>
			</row>
		</slots>
		<segment>customVariableName==liked</segment>
		<subtable>
			<row>
				<label>y</label>
				<nb_visits>16</nb_visits>
				<nb_actions>16</nb_actions>
			</row>
			<row>
				<label>Others</label>
				<nb_visits>4</nb_visits>
				<nb_actions>4</nb_actions>
			</row>
		</subtable>
	</row>
	<row>
		<label>tweeted</label>
		<nb_actions>20</nb_actions>
		<slots>
			<row>
				<scope>page</scope>
				<index>3</index>
			</row>
		</slots>
		<segment>customVariableName==tweeted</segment>
		<subtable>
			<row>
				<label>n</label>
				<nb_visits>10</nb_visits>
				<nb_actions>10</nb_actions>
			</row>
			<row>
				<label>Others</label>
				<nb_visits>10</nb_visits>
				<nb_actions>10</nb_actions>
			</row>
		</subtable>
	</row>
	<row>
		<label>Others</label>
		<nb_actions>60</nb_actions>
	</row>
</result>